<?xml version="1.0" encoding="utf-8"?><testsuites name="pytest tests"><testsuite name="pytest" errors="0" failures="0" skipped="0" tests="82" time="67.945" timestamp="2026-05-14T15:47:06.892299+05:30" hostname="DESKTOP-R5T4C4P"><testcase classname="tests.test_posts.TestGetPosts" name="test_get_all_posts_returns_200" time="0.926" /><testcase classname="tests.test_posts.TestGetPosts" name="test_get_all_posts_response_time" time="0.603" /><testcase classname="tests.test_posts.TestGetPosts" name="test_get_post_by_valid_id_returns_200" time="0.714" /><testcase classname="tests.test_posts.TestGetPosts" name="test_get_post_by_valid_ids_parametrized[1]" time="0.688" /><testcase classname="tests.test_posts.TestGetPosts" name="test_get_post_by_valid_ids_parametrized[10]" time="0.560" /><testcase classname="tests.test_posts.TestGetPosts" name="test_get_post_by_valid_ids_parametrized[50]" time="0.646" /><testcase classname="tests.test_posts.TestGetPosts" name="test_get_post_by_valid_ids_parametrized[100]" time="0.607" /><testcase classname="tests.test_posts.TestGetPosts" name="test_get_post_by_invalid_id[0]" time="0.641" /><testcase classname="tests.test_posts.TestGetPosts" name="test_get_post_by_invalid_id[-1]" time="0.760" /><testcase classname="tests.test_posts.TestGetPosts" name="test_get_post_by_invalid_id[99999]" time="1.274" /><testcase classname="tests.test_posts.TestGetPosts" name="test_get_post_by_invalid_id[abc]" time="0.746" /><testcase classname="tests.test_posts.TestPostsPagination" name="test_get_posts_pagination" time="0.962" /><testcase classname="tests.test_posts.TestPostsPagination" name="test_pagination_total_count_header" time="1.001" /><testcase classname="tests.test_posts.TestPostsPagination" name="test_pagination_out_of_range" time="1.024" /><testcase classname="tests.test_posts.TestConcurrentRequests" name="test_parallel_get_requests" time="1.058" /><testcase classname="tests.test_posts.TestCreatePost" name="test_create_post_with_valid_payload_returns_201" time="1.405" /><testcase classname="tests.test_posts.TestCreatePost" name="test_create_post_with_different_users[1]" time="0.793" /><testcase classname="tests.test_posts.TestCreatePost" name="test_create_post_with_different_users[5]" time="0.844" /><testcase classname="tests.test_posts.TestCreatePost" name="test_create_post_with_different_users[10]" time="0.799" /><testcase classname="tests.test_posts.TestCreatePost" name="test_create_post_with_empty_body" time="0.900" /><testcase classname="tests.test_posts.TestCreatePost" name="test_create_post_with_missing_fields[payload0]" time="0.788" /><testcase classname="tests.test_posts.TestCreatePost" name="test_create_post_with_missing_fields[payload1]" time="0.775" /><testcase classname="tests.test_posts.TestCreatePost" name="test_create_post_with_missing_fields[payload2]" time="0.821" /><testcase classname="tests.test_posts.TestCreatePost" name="test_create_post_with_empty_title_returns_400" time="0.856" /><testcase classname="tests.test_posts.TestCreatePost" name="test_create_post_with_empty_body_returns_400" time="0.835" /><testcase classname="tests.test_posts.TestCreatePost" name="test_create_post_with_invalid_payloads_fixture" time="1.569" /><testcase classname="tests.test_posts.TestCreatePost" name="test_create_post_with_invalid_user_id_returns_400" time="0.811" /><testcase classname="tests.test_posts.TestUpdatePost" name="test_put_full_update_post_returns_200" time="1.410" /><testcase classname="tests.test_posts.TestUpdatePost" name="test_put_update_multiple_posts[1]" time="0.872" /><testcase classname="tests.test_posts.TestUpdatePost" name="test_put_update_multiple_posts[10]" time="1.532" /><testcase classname="tests.test_posts.TestUpdatePost" name="test_put_update_multiple_posts[50]" time="1.324" /><testcase classname="tests.test_posts.TestUpdatePost" name="test_patch_partial_update_post_returns_200" time="0.935" /><testcase classname="tests.test_posts.TestUpdatePost" name="test_patch_update_nonexistent_post" time="0.798" /><testcase classname="tests.test_posts.TestUpdatePost" name="test_put_update_with_invalid_id_returns_400_or_404" time="1.267" /><testcase classname="tests.test_posts.TestUpdatePost" name="test_put_update_with_empty_title_returns_400" time="0.909" /><testcase classname="tests.test_posts.TestUpdatePost" name="test_put_update_with_empty_body_returns_400" time="0.832" /><testcase classname="tests.test_posts.TestUpdatePost" name="test_put_update_with_invalid_payloads_returns_400[invalid_payload0]" time="0.806" /><testcase classname="tests.test_posts.TestUpdatePost" name="test_put_update_with_invalid_payloads_returns_400[invalid_payload1]" time="0.807" /><testcase classname="tests.test_posts.TestUpdatePost" name="test_put_update_with_invalid_payloads_returns_400[invalid_payload2]" time="0.811" /><testcase classname="tests.test_posts.TestDeletePost" name="test_delete_post_returns_200_or_204" time="0.784" /><testcase classname="tests.test_posts.TestDeletePost" name="test_delete_post_returns_204_status" time="0.762" /><testcase classname="tests.test_posts.TestDeletePost" name="test_delete_multiple_posts[1]" time="0.778" /><testcase classname="tests.test_posts.TestDeletePost" name="test_delete_multiple_posts[10]" time="0.793" /><testcase classname="tests.test_posts.TestDeletePost" name="test_delete_multiple_posts[50]" time="0.792" /><testcase classname="tests.test_posts.TestDeletePost" name="test_delete_nonexistent_post" time="0.929" /><testcase classname="tests.test_posts.TestChainedRequests" name="test_create_retrieve_delete_post_workflow" time="1.790" /><testcase classname="tests.test_posts.TestChainedRequests" name="test_create_update_retrieve_delete_workflow" time="1.855" /><testcase classname="tests.test_posts.TestPerformance" name="test_get_all_posts_performance" time="0.572" /><testcase classname="tests.test_posts.TestPerformance" name="test_get_post_by_id_performance" time="0.523" /><testcase classname="tests.test_posts.TestResponseHeaders" name="test_get_posts_has_content_type_header" time="0.557" /><testcase classname="tests.test_posts.TestResponseHeaders" name="test_get_post_by_id_has_content_type_header" time="0.589" /><testcase classname="tests.test_posts.TestResponseHeaders" name="test_post_create_has_content_type_header" time="0.845" /><testcase classname="tests.test_posts.TestResponseHeaders" name="test_put_update_has_content_type_header" time="0.777" /><testcase classname="tests.test_posts.TestResponseHeaders" name="test_patch_update_has_content_type_header" time="0.766" /><testcase classname="tests.test_posts.TestResponseHeaders" name="test_delete_post_response_headers" time="0.814" /><testcase classname="tests.test_security" name="test_sql_injection_payload_does_not_leak_server_errors" time="0.774" /><testcase classname="tests.test_security" name="test_xss_payload_does_not_leak_server_errors" time="0.865" /><testcase classname="tests.test_security" name="test_cors_header_present_on_get" time="0.564" /><testcase classname="tests.test_security" name="test_no_x_powered_by_header_exposed" time="0.599" /><testcase classname="tests.test_users.TestUserPosts" name="test_get_user_posts_returns_200" time="0.594" /><testcase classname="tests.test_users.TestUserPosts" name="test_get_user_posts_multiple_users[1]" time="0.554" /><testcase classname="tests.test_users.TestUserPosts" name="test_get_user_posts_multiple_users[2]" time="0.597" /><testcase classname="tests.test_users.TestUserPosts" name="test_get_user_posts_multiple_users[5]" time="0.634" /><testcase classname="tests.test_users.TestUserPosts" name="test_get_user_posts_multiple_users[10]" time="0.648" /><testcase classname="tests.test_users.TestUserPosts" name="test_get_user_posts_invalid_user" time="0.623" /><testcase classname="tests.test_users.TestUserPosts" name="test_get_user_posts_with_invalid_ids[0]" time="0.647" /><testcase classname="tests.test_users.TestUserPosts" name="test_get_user_posts_with_invalid_ids[-1]" time="0.583" /><testcase classname="tests.test_users.TestUserPosts" name="test_get_user_posts_with_invalid_ids[abc]" time="0.598" /><testcase classname="tests.test_users.TestUserPosts" name="test_user_posts_contain_required_fields" time="0.618" /><testcase classname="tests.test_users.TestUserPostsNegative" name="test_get_user_posts_with_special_characters" time="0.680" /><testcase classname="tests.test_users.TestUserPostsNegative" name="test_get_user_posts_with_float_id" time="0.587" /><testcase classname="tests.test_users.TestUserPostsNegative" name="test_get_user_posts_boundary_values" time="0.678" /><testcase classname="tests.test_users.TestGetUserById" name="test_get_user_by_id_returns_200" time="0.587" /><testcase classname="tests.test_users.TestGetUserById" name="test_get_user_by_id_validates_schema" time="0.894" /><testcase classname="tests.test_users.TestGetUserById" name="test_get_user_by_id_multiple_users[1]" time="0.534" /><testcase classname="tests.test_users.TestGetUserById" name="test_get_user_by_id_multiple_users[5]" time="0.663" /><testcase classname="tests.test_users.TestGetUserById" name="test_get_user_by_id_multiple_users[10]" time="0.645" /><testcase classname="tests.test_users.TestGetUserById" name="test_get_user_by_invalid_id_returns_404" time="0.643" /><testcase classname="tests.test_users.TestGetUserById" name="test_get_user_by_id_invalid_formats[0]" time="0.678" /><testcase classname="tests.test_users.TestGetUserById" name="test_get_user_by_id_invalid_formats[-1]" time="0.589" /><testcase classname="tests.test_users.TestGetUserById" name="test_get_user_by_id_invalid_formats[abc]" time="0.577" /><testcase classname="tests.test_users.TestGetUserById" name="test_get_user_by_id_contains_required_fields" time="0.829" /></testsuite></testsuites>